[INFO] Scanning for projects...
[INFO] 
[INFO] -----------------------< com.example:quizonline >-----------------------
[INFO] Building quizonline 0.0.1-SNAPSHOT
[INFO]   from pom.xml
[INFO] --------------------------------[ jar ]---------------------------------
[INFO] 
[INFO] >>> spring-boot:3.1.5:run (default-cli) > test-compile @ quizonline >>>
[INFO] 
[INFO] --- resources:3.3.1:resources (default-resources) @ quizonline ---
[INFO] Copying 1 resource from src\main\resources to target\classes
[INFO] Copying 0 resource from src\main\resources to target\classes
[INFO] 
[INFO] --- compiler:3.11.0:compile (default-compile) @ quizonline ---
[INFO] Changes detected - recompiling the module! :input tree
[INFO] Compiling 29 source files with javac [debug release 17] to target\classes
[WARNING] /c:/Guvi Java FullStack/FinalProjects/Onlinequizfixed/QuizOnlineApplication-development_java/src/main/java/com/example/quizonline/security/WebSecurityConfig.java:[53,13] cors() in org.springframework.security.config.annotation.web.builders.HttpSecurity has been deprecated and marked for removal
[WARNING] /c:/Guvi Java FullStack/FinalProjects/Onlinequizfixed/QuizOnlineApplication-development_java/src/main/java/com/example/quizonline/security/WebSecurityConfig.java:[53,20] and() in org.springframework.security.config.annotation.SecurityConfigurerAdapter has been deprecated and marked for removal
[INFO] 
[INFO] --- resources:3.3.1:testResources (default-testResources) @ quizonline ---
[INFO] skip non existing resourceDirectory c:\Guvi Java FullStack\FinalProjects\Onlinequizfixed\QuizOnlineApplication-development_java\src\test\resources
[INFO] 
[INFO] --- compiler:3.11.0:testCompile (default-testCompile) @ quizonline ---
[INFO] Changes detected - recompiling the module! :dependency
[INFO] Compiling 11 source files with javac [debug release 17] to target\test-classes
[INFO] /c:/Guvi Java FullStack/FinalProjects/Onlinequizfixed/QuizOnlineApplication-development_java/src/test/java/com/example/quizonline/controller/QuestionControllerTest.java: Some input files use or override a deprecated API.
[INFO] /c:/Guvi Java FullStack/FinalProjects/Onlinequizfixed/QuizOnlineApplication-development_java/src/test/java/com/example/quizonline/controller/QuestionControllerTest.java: Recompile with -Xlint:deprecation for details.
[INFO] 
[INFO] <<< spring-boot:3.1.5:run (default-cli) < test-compile @ quizonline <<<
[INFO] 
[INFO] 
[INFO] --- spring-boot:3.1.5:run (default-cli) @ quizonline ---
[INFO] Attaching agents: []

  .   ____          _            __ _ _
 /\\ / ___'_ __ _ _(_)_ __  __ _ \ \ \ \
( ( )\___ | '_ | '_| | '_ \/ _` | \ \ \ \
 \\/  ___)| |_)| | | | | || (_| |  ) ) ) )
  '  |____| .__|_| |_|_| |_\__, | / / / /
 =========|_|==============|___/=/_/_/_/
 :: Spring Boot ::                (v3.1.5)

2025-09-03T21:21:20.728+05:30  INFO 9652 --- [           main] c.e.quizonline.QuizonlineApplication     : Starting QuizonlineApplication using Java 23.0.2 with PID 9652 (C:\Guvi Java FullStack\FinalProjects\Onlinequizfixed\QuizOnlineApplication-development_java\target\classes started by Siya in c:\Guvi Java FullStack\FinalProjects\Onlinequizfixed\QuizOnlineApplication-development_java)
2025-09-03T21:21:20.731+05:30  INFO 9652 --- [           main] c.e.quizonline.QuizonlineApplication     : No active profile set, falling back to 1 default profile: "default"
2025-09-03T21:21:22.251+05:30  INFO 9652 --- [           main] .s.d.r.c.RepositoryConfigurationDelegate : Bootstrapping Spring Data JPA repositories in DEFAULT mode.
2025-09-03T21:21:22.354+05:30  INFO 9652 --- [           main] .s.d.r.c.RepositoryConfigurationDelegate : Finished Spring Data repository scanning in 94 ms. Found 3 JPA repository interfaces.
2025-09-03T21:21:23.171+05:30  INFO 9652 --- [           main] o.s.b.w.embedded.tomcat.TomcatWebServer  : Tomcat initialized with port(s): 8080 (http)
2025-09-03T21:21:23.184+05:30  INFO 9652 --- [           main] o.apache.catalina.core.StandardService   : Starting service [Tomcat]
2025-09-03T21:21:23.184+05:30  INFO 9652 --- [           main] o.apache.catalina.core.StandardEngine    : Starting Servlet engine: [Apache Tomcat/10.1.15]
2025-09-03T21:21:23.301+05:30  INFO 9652 --- [           main] o.a.c.c.C.[Tomcat].[localhost].[/]       : Initializing Spring embedded WebApplicationContext
2025-09-03T21:21:23.303+05:30  INFO 9652 --- [           main] w.s.c.ServletWebServerApplicationContext : Root WebApplicationContext: initialization completed in 2456 ms
2025-09-03T21:21:23.600+05:30  INFO 9652 --- [           main] o.hibernate.jpa.internal.util.LogHelper  : HHH000204: Processing PersistenceUnitInfo [name: default]
2025-09-03T21:21:23.671+05:30  INFO 9652 --- [           main] org.hibernate.Version                    : HHH000412: Hibernate ORM core version 6.2.13.Final
2025-09-03T21:21:23.675+05:30  INFO 9652 --- [           main] org.hibernate.cfg.Environment            : HHH000406: Using bytecode reflection optimizer
2025-09-03T21:21:23.983+05:30  INFO 9652 --- [           main] o.s.o.j.p.SpringPersistenceUnitInfo      : No LoadTimeWeaver setup: ignoring JPA class transformer
2025-09-03T21:21:24.010+05:30  INFO 9652 --- [           main] com.zaxxer.hikari.HikariDataSource       : HikariPool-1 - Starting...
2025-09-03T21:21:24.219+05:30  INFO 9652 --- [           main] com.zaxxer.hikari.pool.HikariPool        : HikariPool-1 - Added connection com.mysql.cj.jdbc.ConnectionImpl@5b332439
2025-09-03T21:21:24.221+05:30  INFO 9652 --- [           main] com.zaxxer.hikari.HikariDataSource       : HikariPool-1 - Start completed.
2025-09-03T21:21:24.287+05:30  WARN 9652 --- [           main] org.hibernate.orm.deprecation            : HHH90000025: MySQL8Dialect does not need to be specified explicitly using 'hibernate.dialect' (remove the property setting and it will be selected by default)
2025-09-03T21:21:24.290+05:30  WARN 9652 --- [           main] org.hibernate.orm.deprecation            : HHH90000026: MySQL8Dialect has been deprecated; use org.hibernate.dialect.MySQLDialect instead
2025-09-03T21:21:26.448+05:30  INFO 9652 --- [           main] o.h.e.t.j.p.i.JtaPlatformInitiator       : HHH000489: No JTA platform available (set 'hibernate.transaction.jta.platform' to enable JTA platform integration)
2025-09-03T21:21:26.640+05:30  INFO 9652 --- [           main] j.LocalContainerEntityManagerFactoryBean : Initialized JPA EntityManagerFactory for persistence unit 'default'
2025-09-03T21:21:27.333+05:30  INFO 9652 --- [           main] o.s.d.j.r.query.QueryEnhancerFactory     : Hibernate is in classpath; If applicable, HQL parser will be used.
2025-09-03T21:21:27.744+05:30  WARN 9652 --- [           main] JpaBaseConfiguration$JpaWebConfiguration : spring.jpa.open-in-view is enabled by default. Therefore, database queries may be performed during view rendering. Explicitly configure spring.jpa.open-in-view to disable this warning
2025-09-03T21:21:28.166+05:30  INFO 9652 --- [           main] o.s.s.web.DefaultSecurityFilterChain     : Will secure any request with [org.springframework.security.web.session.DisableEncodeUrlFilter@4fb3c670, org.springframework.security.web.context.request.async.WebAsyncManagerIntegrationFilter@6b6c882c, org.springframework.security.web.context.SecurityContextHolderFilter@232899d1, org.springframework.security.web.header.HeaderWriterFilter@6557dcea, org.springframework.web.filter.CorsFilter@7be1e187, org.springframework.security.web.authentication.logout.LogoutFilter@77b0ff24, com.example.quizonline.security.jwt.AuthTokenFilter@7772ec28, org.springframework.security.web.savedrequest.RequestCacheAwareFilter@14060410, org.springframework.security.web.servletapi.SecurityContextHolderAwareRequestFilter@58397dd, org.springframework.security.web.authentication.AnonymousAuthenticationFilter@51a65f56, org.springframework.security.web.session.SessionManagementFilter@4bc75792, org.springframework.security.web.access.ExceptionTranslationFilter@72ea5674, org.springframework.security.web.access.intercept.AuthorizationFilter@7c9b0c16]
2025-09-03T21:21:28.482+05:30  WARN 9652 --- [           main] ConfigServletWebServerApplicationContext : Exception encountered during context initialization - cancelling refresh attempt: org.springframework.context.ApplicationContextException: Failed to start bean 'webServerStartStop'
2025-09-03T21:21:28.484+05:30  INFO 9652 --- [           main] j.LocalContainerEntityManagerFactoryBean : Closing JPA EntityManagerFactory for persistence unit 'default'
2025-09-03T21:21:28.486+05:30  INFO 9652 --- [           main] com.zaxxer.hikari.HikariDataSource       : HikariPool-1 - Shutdown initiated...
2025-09-03T21:21:28.503+05:30  INFO 9652 --- [           main] com.zaxxer.hikari.HikariDataSource       : HikariPool-1 - Shutdown completed.
2025-09-03T21:21:28.504+05:30  INFO 9652 --- [           main] o.apache.catalina.core.StandardService   : Stopping service [Tomcat]
2025-09-03T21:21:28.521+05:30  INFO 9652 --- [           main] .s.b.a.l.ConditionEvaluationReportLogger : 

Error starting ApplicationContext. To display the condition evaluation report re-run your application with 'debug' enabled.
2025-09-03T21:21:28.540+05:30 ERROR 9652 --- [           main] o.s.b.d.LoggingFailureAnalysisReporter   : 

***************************
APPLICATION FAILED TO START
***************************

Description:

Web server failed to start. Port 8080 was already in use.

Action:

Identify and stop the process that's listening on port 8080 or configure this application to listen on another port.

[INFO] ------------------------------------------------------------------------
[INFO] BUILD FAILURE
[INFO] ------------------------------------------------------------------------
[INFO] Total time:  23.473 s
[INFO] Finished at: 2025-09-03T21:21:28+05:30
[INFO] ------------------------------------------------------------------------
[ERROR] Failed to execute goal org.springframework.boot:spring-boot-maven-plugin:3.1.5:run (default-cli) on project quizonline: Process terminated with exit code: 1 -> [Help 1]
[ERROR] 
[ERROR] To see the full stack trace of the errors, re-run Maven with the -e switch.
[ERROR] Re-run Maven using the -X switch to enable full debug logging.
[ERROR] 
[ERROR] For more information about the errors and possible solutions, please read the following articles:
[ERROR] [Help 1] http://cwiki.apache.org/confluence/display/MAVEN/MojoExecutionException
